ubuntu-latest / py3.13	UNKNOWN STEP	﻿2026-08-25T12:02:52.8048628Z Current runner version: '2.336.0'
ubuntu-latest / py3.13	UNKNOWN STEP	2026-08-25T12:02:52.8073007Z ##[group]Runner Image Provisioner
ubuntu-latest / py3.13	UNKNOWN STEP	2026-08-25T12:02:52.8073917Z Hosted Compute Agent
ubuntu-latest / py3.13	UNKNOWN STEP	2026-08-25T12:02:52.8074631Z Version: 20260729.566
ubuntu-latest / py3.13	UNKNOWN STEP	2026-08-25T12:02:52.8075265Z Commit: cf7153fe6e25b664e8693c24944bf2b00355d109
ubuntu-latest / py3.13	UNKNOWN STEP	2026-08-25T12:02:52.8076248Z Build Date: 2026-07-29T19:17:02Z
ubuntu-latest / py3.13	UNKNOWN STEP	2026-08-25T12:02:52.8077015Z Worker ID: {614e13c4-4c3c-443a-8036-9e196d4727b0}
ubuntu-latest / py3.13	UNKNOWN STEP	2026-08-25T12:02:52.8077725Z Azure Region: westus2
ubuntu-latest / py3.13	UNKNOWN STEP	2026-08-25T12:02:52.8078364Z ##[endgroup]
ubuntu-latest / py3.13	UNKNOWN STEP	2026-08-25T12:02:52.8079951Z ##[group]Operating System
ubuntu-latest / py3.13	UNKNOWN STEP	2026-08-25T12:02:52.8080627Z Ubuntu
ubuntu-latest / py3.13	UNKNOWN STEP	2026-08-25T12:02:52.8081246Z 24.04.4
ubuntu-latest / py3.13	UNKNOWN STEP	2026-08-25T12:02:52.8081793Z LTS
ubuntu-latest / py3.13	UNKNOWN STEP	2026-08-25T12:02:52.8082398Z ##[endgroup]
ubuntu-latest / py3.13	UNKNOWN STEP	2026-08-25T12:02:52.8082954Z ##[group]Runner Image
ubuntu-latest / py3.13	UNKNOWN STEP	2026-08-25T12:02:52.8083544Z Image: ubuntu-24.04
ubuntu-latest / py3.13	UNKNOWN STEP	2026-08-25T12:02:52.8084206Z Version: 20260816.277.1
ubuntu-latest / py3.13	UNKNOWN STEP	2026-08-25T12:02:52.8085434Z Included Software: https://github.com/actions/runner-images/blob/ubuntu24/20260816.277/images/ubuntu/Ubuntu2404-Readme.md
ubuntu-latest / py3.13	UNKNOWN STEP	2026-08-25T12:02:52.8087710Z Image Release: https://github.com/actions/runner-images/releases/tag/ubuntu24%2F20260816.277
ubuntu-latest / py3.13	UNKNOWN STEP	2026-08-25T12:02:52.8088661Z ##[endgroup]
ubuntu-latest / py3.13	UNKNOWN STEP	2026-08-25T12:02:52.8089885Z ##[group]GITHUB_TOKEN Permissions
ubuntu-latest / py3.13	UNKNOWN STEP	2026-08-25T12:02:52.8091957Z Contents: read
ubuntu-latest / py3.13	UNKNOWN STEP	2026-08-25T12:02:52.8092688Z Metadata: read
ubuntu-latest / py3.13	UNKNOWN STEP	2026-08-25T12:02:52.8093309Z ##[endgroup]
ubuntu-latest / py3.13	UNKNOWN STEP	2026-08-25T12:02:52.8095466Z Secret source: Actions
ubuntu-latest / py3.13	UNKNOWN STEP	2026-08-25T12:02:52.8096892Z Prepare workflow directory
ubuntu-latest / py3.13	UNKNOWN STEP	2026-08-25T12:02:52.8503664Z Prepare all required actions
ubuntu-latest / py3.13	UNKNOWN STEP	2026-08-25T12:02:52.8552975Z Getting action download info
ubuntu-latest / py3.13	UNKNOWN STEP	2026-08-25T12:02:53.1939921Z Download action repository 'actions/checkout@v4' (SHA:11d5960a326750d5838078e36cf38b85af677262)
ubuntu-latest / py3.13	UNKNOWN STEP	2026-08-25T12:02:53.3185413Z Download action repository 'actions/setup-python@v5' (SHA:a26af69be951a213d495a4c3e4e4022e16d87065)
ubuntu-latest / py3.13	UNKNOWN STEP	2026-08-25T12:02:53.5318834Z Complete job name: ubuntu-latest / py3.13
ubuntu-latest / py3.13	UNKNOWN STEP	2026-08-25T12:02:53.6079236Z Node 20 is being deprecated. This workflow is running with Node 24 by default. If you need to temporarily use Node 20, you can set the ACTIONS_ALLOW_USE_UNSECURE_NODE_VERSION=true environment variable. For more information see: https://github.blog/changelog/2025-09-19-deprecation-of-node-20-on-github-actions-runners/
ubuntu-latest / py3.13	UNKNOWN STEP	2026-08-25T12:02:53.6087897Z ##[group]Run actions/checkout@v4
ubuntu-latest / py3.13	UNKNOWN STEP	2026-08-25T12:02:53.6088663Z with:
ubuntu-latest / py3.13	UNKNOWN STEP	2026-08-25T12:02:53.6089150Z   repository: taiwanhuachenyu/VeriMat
ubuntu-latest / py3.13	UNKNOWN STEP	2026-08-25T12:02:53.6092806Z   token: ***
ubuntu-latest / py3.13	UNKNOWN STEP	2026-08-25T12:02:53.6093255Z   ssh-strict: true
ubuntu-latest / py3.13	UNKNOWN STEP	2026-08-25T12:02:53.6093713Z   ssh-user: git
ubuntu-latest / py3.13	UNKNOWN STEP	2026-08-25T12:02:53.6094178Z   persist-credentials: true
ubuntu-latest / py3.13	UNKNOWN STEP	2026-08-25T12:02:53.6094676Z   clean: true
ubuntu-latest / py3.13	UNKNOWN STEP	2026-08-25T12:02:53.6095138Z   sparse-checkout-cone-mode: true
ubuntu-latest / py3.13	UNKNOWN STEP	2026-08-25T12:02:53.6095674Z   fetch-depth: 1
ubuntu-latest / py3.13	UNKNOWN STEP	2026-08-25T12:02:53.6096406Z   fetch-tags: false
ubuntu-latest / py3.13	UNKNOWN STEP	2026-08-25T12:02:53.6096887Z   show-progress: true
ubuntu-latest / py3.13	UNKNOWN STEP	2026-08-25T12:02:53.6097348Z   lfs: false
ubuntu-latest / py3.13	UNKNOWN STEP	2026-08-25T12:02:53.6097830Z   submodules: false
ubuntu-latest / py3.13	UNKNOWN STEP	2026-08-25T12:02:53.6098299Z   set-safe-directory: true
ubuntu-latest / py3.13	UNKNOWN STEP	2026-08-25T12:02:53.6098826Z   allow-unsafe-pr-checkout: false
ubuntu-latest / py3.13	UNKNOWN STEP	2026-08-25T12:02:53.6099670Z env:
ubuntu-latest / py3.13	UNKNOWN STEP	2026-08-25T12:02:53.6100128Z   PYTEST_DISABLE_PLUGIN_AUTOLOAD: 1
ubuntu-latest / py3.13	UNKNOWN STEP	2026-08-25T12:02:53.6100665Z ##[endgroup]
ubuntu-latest / py3.13	UNKNOWN STEP	2026-08-25T12:02:53.7143789Z Syncing repository: taiwanhuachenyu/VeriMat
ubuntu-latest / py3.13	UNKNOWN STEP	2026-08-25T12:02:53.7146692Z ##[group]Getting Git version info
ubuntu-latest / py3.13	UNKNOWN STEP	2026-08-25T12:02:53.7147845Z Working directory is '/home/runner/work/VeriMat/VeriMat'
ubuntu-latest / py3.13	UNKNOWN STEP	2026-08-25T12:02:53.7149463Z [command]/usr/bin/git version
ubuntu-latest / py3.13	UNKNOWN STEP	2026-08-25T12:02:53.7192640Z git version 2.55.0
ubuntu-latest / py3.13	UNKNOWN STEP	2026-08-25T12:02:53.7216213Z ##[endgroup]
ubuntu-latest / py3.13	UNKNOWN STEP	2026-08-25T12:02:53.7234099Z Temporarily overriding HOME='/home/runner/work/_temp/cdda098f-d4b8-46b9-9e09-781c453addfc' before making global git config changes
ubuntu-latest / py3.13	UNKNOWN STEP	2026-08-25T12:02:53.7236766Z Adding repository directory to the temporary git global config as a safe directory
ubuntu-latest / py3.13	UNKNOWN STEP	2026-08-25T12:02:53.7239109Z [command]/usr/bin/git config --global --add safe.directory /home/runner/work/VeriMat/VeriMat
ubuntu-latest / py3.13	UNKNOWN STEP	2026-08-25T12:02:53.7317378Z Deleting the contents of '/home/runner/work/VeriMat/VeriMat'
ubuntu-latest / py3.13	UNKNOWN STEP	2026-08-25T12:02:53.7319947Z ##[group]Initializing the repository
ubuntu-latest / py3.13	UNKNOWN STEP	2026-08-25T12:02:53.7321279Z [command]/usr/bin/git init /home/runner/work/VeriMat/VeriMat
ubuntu-latest / py3.13	UNKNOWN STEP	2026-08-25T12:02:53.7427864Z hint: Using 'master' as the name for the initial branch. This default branch name
ubuntu-latest / py3.13	UNKNOWN STEP	2026-08-25T12:02:53.7429827Z hint: will change to "main" in Git 3.0. To configure the initial branch name
ubuntu-latest / py3.13	UNKNOWN STEP	2026-08-25T12:02:53.7431656Z hint: to use in all of your new repositories, which will suppress this warning,
ubuntu-latest / py3.13	UNKNOWN STEP	2026-08-25T12:02:53.7433249Z hint: call:
ubuntu-latest / py3.13	UNKNOWN STEP	2026-08-25T12:02:53.7434093Z hint:
ubuntu-latest / py3.13	UNKNOWN STEP	2026-08-25T12:02:53.7435171Z hint: 	git config --global init.defaultBranch <name>
ubuntu-latest / py3.13	UNKNOWN STEP	2026-08-25T12:02:53.7436584Z hint:
ubuntu-latest / py3.13	UNKNOWN STEP	2026-08-25T12:02:53.7437821Z hint: Names commonly chosen instead of 'master' are 'main', 'trunk' and
ubuntu-latest / py3.13	UNKNOWN STEP	2026-08-25T12:02:53.7439654Z hint: 'development'. The just-created branch can be renamed via this command:
ubuntu-latest / py3.13	UNKNOWN STEP	2026-08-25T12:02:53.7441102Z hint:
ubuntu-latest / py3.13	UNKNOWN STEP	2026-08-25T12:02:53.7441972Z hint: 	git branch -m <name>
ubuntu-latest / py3.13	UNKNOWN STEP	2026-08-25T12:02:53.7443063Z hint:
ubuntu-latest / py3.13	UNKNOWN STEP	2026-08-25T12:02:53.7444357Z hint: Disable this message with "git config set advice.defaultBranchName false"
ubuntu-latest / py3.13	UNKNOWN STEP	2026-08-25T12:02:53.7446504Z Initialized empty Git repository in /home/runner/work/VeriMat/VeriMat/.git/
ubuntu-latest / py3.13	UNKNOWN STEP	2026-08-25T12:02:53.7449401Z [command]/usr/bin/git remote add origin https://github.com/taiwanhuachenyu/VeriMat
ubuntu-latest / py3.13	UNKNOWN STEP	2026-08-25T12:02:53.7496222Z ##[endgroup]
ubuntu-latest / py3.13	UNKNOWN STEP	2026-08-25T12:02:53.7497615Z ##[group]Disabling automatic garbage collection
ubuntu-latest / py3.13	UNKNOWN STEP	2026-08-25T12:02:53.7501244Z [command]/usr/bin/git config --local gc.auto 0
ubuntu-latest / py3.13	UNKNOWN STEP	2026-08-25T12:02:53.7536941Z ##[endgroup]
ubuntu-latest / py3.13	UNKNOWN STEP	2026-08-25T12:02:53.7538594Z ##[group]Setting up auth
ubuntu-latest / py3.13	UNKNOWN STEP	2026-08-25T12:02:53.7545712Z [command]/usr/bin/git config --local --name-only --get-regexp core\.sshCommand
ubuntu-latest / py3.13	UNKNOWN STEP	2026-08-25T12:02:53.7581155Z [command]/usr/bin/git submodule foreach --recursive sh -c "git config --local --name-only --get-regexp 'core\.sshCommand' && git config --local --unset-all 'core.sshCommand' || :"
ubuntu-latest / py3.13	UNKNOWN STEP	2026-08-25T12:02:53.8027412Z [command]/usr/bin/git config --local --name-only --get-regexp http\.https\:\/\/github\.com\/\.extraheader
ubuntu-latest / py3.13	UNKNOWN STEP	2026-08-25T12:02:53.8060130Z [command]/usr/bin/git submodule foreach --recursive sh -c "git config --local --name-only --get-regexp 'http\.https\:\/\/github\.com\/\.extraheader' && git config --local --unset-all 'http.https://github.com/.extraheader' || :"
ubuntu-latest / py3.13	UNKNOWN STEP	2026-08-25T12:02:53.8279812Z [command]/usr/bin/git config --local --name-only --get-regexp ^includeIf\.gitdir:
ubuntu-latest / py3.13	UNKNOWN STEP	2026-08-25T12:02:53.8319498Z [command]/usr/bin/git submodule foreach --recursive git config --local --show-origin --name-only --get-regexp remote.origin.url
ubuntu-latest / py3.13	UNKNOWN STEP	2026-08-25T12:02:53.8544873Z [command]/usr/bin/git config --local http.https://github.com/.extraheader AUTHORIZATION: basic ***
ubuntu-latest / py3.13	UNKNOWN STEP	2026-08-25T12:02:53.8583185Z ##[endgroup]
ubuntu-latest / py3.13	UNKNOWN STEP	2026-08-25T12:02:53.8584102Z ##[group]Fetching the repository
ubuntu-latest / py3.13	UNKNOWN STEP	2026-08-25T12:02:53.8593936Z [command]/usr/bin/git -c protocol.version=2 fetch --no-tags --prune --no-recurse-submodules --depth=1 origin +886fc55279113f65f84c1dd729081ba79f22813f:refs/remotes/origin/main
ubuntu-latest / py3.13	UNKNOWN STEP	2026-08-25T12:02:54.2978071Z From https://github.com/taiwanhuachenyu/VeriMat
ubuntu-latest / py3.13	UNKNOWN STEP	2026-08-25T12:02:54.2979454Z  * [new ref]         886fc55279113f65f84c1dd729081ba79f22813f -> origin/main
ubuntu-latest / py3.13	UNKNOWN STEP	2026-08-25T12:02:54.2983214Z ##[endgroup]
ubuntu-latest / py3.13	UNKNOWN STEP	2026-08-25T12:02:54.2984306Z ##[group]Determining the checkout info
ubuntu-latest / py3.13	UNKNOWN STEP	2026-08-25T12:02:54.2985861Z ##[endgroup]
ubuntu-latest / py3.13	UNKNOWN STEP	2026-08-25T12:02:54.2992368Z [command]/usr/bin/git sparse-checkout disable
ubuntu-latest / py3.13	UNKNOWN STEP	2026-08-25T12:02:54.3047094Z [command]/usr/bin/git config --local --unset-all extensions.worktreeConfig
ubuntu-latest / py3.13	UNKNOWN STEP	2026-08-25T12:02:54.3080407Z ##[group]Checking out the ref
ubuntu-latest / py3.13	UNKNOWN STEP	2026-08-25T12:02:54.3085050Z [command]/usr/bin/git checkout --progress --force -B main refs/remotes/origin/main
ubuntu-latest / py3.13	UNKNOWN STEP	2026-08-25T12:02:54.3255509Z Switched to a new branch 'main'
ubuntu-latest / py3.13	UNKNOWN STEP	2026-08-25T12:02:54.3260737Z branch 'main' set up to track 'origin/main'.
ubuntu-latest / py3.13	UNKNOWN STEP	2026-08-25T12:02:54.3268078Z ##[endgroup]
ubuntu-latest / py3.13	UNKNOWN STEP	2026-08-25T12:02:54.3312120Z [command]/usr/bin/git log -1 --format=%H
ubuntu-latest / py3.13	UNKNOWN STEP	2026-08-25T12:02:54.3338812Z 886fc55279113f65f84c1dd729081ba79f22813f
ubuntu-latest / py3.13	UNKNOWN STEP	2026-08-25T12:02:54.3611204Z Node 20 is being deprecated. This workflow is running with Node 24 by default. If you need to temporarily use Node 20, you can set the ACTIONS_ALLOW_USE_UNSECURE_NODE_VERSION=true environment variable. For more information see: https://github.blog/changelog/2025-09-19-deprecation-of-node-20-on-github-actions-runners/
ubuntu-latest / py3.13	UNKNOWN STEP	2026-08-25T12:02:54.3614413Z ##[group]Run actions/setup-python@v5
ubuntu-latest / py3.13	UNKNOWN STEP	2026-08-25T12:02:54.3614963Z with:
ubuntu-latest / py3.13	UNKNOWN STEP	2026-08-25T12:02:54.3615379Z   python-version: 3.13
ubuntu-latest / py3.13	UNKNOWN STEP	2026-08-25T12:02:54.3615846Z   check-latest: false
ubuntu-latest / py3.13	UNKNOWN STEP	2026-08-25T12:02:54.3619625Z   token: ***
ubuntu-latest / py3.13	UNKNOWN STEP	2026-08-25T12:02:54.3620069Z   update-environment: true
ubuntu-latest / py3.13	UNKNOWN STEP	2026-08-25T12:02:54.3620565Z   allow-prereleases: false
ubuntu-latest / py3.13	UNKNOWN STEP	2026-08-25T12:02:54.3621042Z   freethreaded: false
ubuntu-latest / py3.13	UNKNOWN STEP	2026-08-25T12:02:54.3621482Z env:
ubuntu-latest / py3.13	UNKNOWN STEP	2026-08-25T12:02:54.3621909Z   PYTEST_DISABLE_PLUGIN_AUTOLOAD: 1
ubuntu-latest / py3.13	UNKNOWN STEP	2026-08-25T12:02:54.3622423Z ##[endgroup]
ubuntu-latest / py3.13	UNKNOWN STEP	2026-08-25T12:02:54.4944821Z ##[group]Installed versions
ubuntu-latest / py3.13	UNKNOWN STEP	2026-08-25T12:02:54.5057839Z (node:2227) [DEP0040] DeprecationWarning: The `punycode` module is deprecated. Please use a userland alternative instead.
ubuntu-latest / py3.13	UNKNOWN STEP	2026-08-25T12:02:54.5060373Z (Use `node --trace-deprecation ...` to show where the warning was created)
ubuntu-latest / py3.13	UNKNOWN STEP	2026-08-25T12:02:54.5062585Z Successfully set up CPython (3.13.15)
ubuntu-latest / py3.13	UNKNOWN STEP	2026-08-25T12:02:54.5065024Z ##[endgroup]
ubuntu-latest / py3.13	UNKNOWN STEP	2026-08-25T12:02:54.5312210Z ##[group]Run python -m pip install --disable-pip-version-check -r requirements-dev.lock
ubuntu-latest / py3.13	UNKNOWN STEP	2026-08-25T12:02:54.5314158Z ^[[36;1mpython -m pip install --disable-pip-version-check -r requirements-dev.lock^[[0m
ubuntu-latest / py3.13	UNKNOWN STEP	2026-08-25T12:02:54.5459154Z shell: /usr/bin/bash -e {0}
ubuntu-latest / py3.13	UNKNOWN STEP	2026-08-25T12:02:54.5459767Z env:
ubuntu-latest / py3.13	UNKNOWN STEP	2026-08-25T12:02:54.5460214Z   PYTEST_DISABLE_PLUGIN_AUTOLOAD: 1
ubuntu-latest / py3.13	UNKNOWN STEP	2026-08-25T12:02:54.5460880Z   pythonLocation: /opt/hostedtoolcache/Python/3.13.15/x64
ubuntu-latest / py3.13	UNKNOWN STEP	2026-08-25T12:02:54.5461998Z   PKG_CONFIG_PATH: /opt/hostedtoolcache/Python/3.13.15/x64/lib/pkgconfig
ubuntu-latest / py3.13	UNKNOWN STEP	2026-08-25T12:02:54.5462861Z   Python_ROOT_DIR: /opt/hostedtoolcache/Python/3.13.15/x64
ubuntu-latest / py3.13	UNKNOWN STEP	2026-08-25T12:02:54.5463612Z   Python2_ROOT_DIR: /opt/hostedtoolcache/Python/3.13.15/x64
ubuntu-latest / py3.13	UNKNOWN STEP	2026-08-25T12:02:54.5464522Z   Python3_ROOT_DIR: /opt/hostedtoolcache/Python/3.13.15/x64
ubuntu-latest / py3.13	UNKNOWN STEP	2026-08-25T12:02:54.5465316Z   LD_LIBRARY_PATH: /opt/hostedtoolcache/Python/3.13.15/x64/lib
ubuntu-latest / py3.13	UNKNOWN STEP	2026-08-25T12:02:54.5465972Z ##[endgroup]
ubuntu-latest / py3.13	UNKNOWN STEP	2026-08-25T12:02:57.1084242Z Collecting pytest==9.1.1 (from -r requirements-dev.lock (line 1))
ubuntu-latest / py3.13	UNKNOWN STEP	2026-08-25T12:02:57.1684849Z   Downloading pytest-9.1.1-py3-none-any.whl.metadata (7.6 kB)
ubuntu-latest / py3.13	UNKNOWN STEP	2026-08-25T12:02:57.1867588Z Collecting iniconfig>=1.0.1 (from pytest==9.1.1->-r requirements-dev.lock (line 1))
ubuntu-latest / py3.13	UNKNOWN STEP	2026-08-25T12:02:57.1937926Z   Downloading iniconfig-2.3.0-py3-none-any.whl.metadata (2.5 kB)
ubuntu-latest / py3.13	UNKNOWN STEP	2026-08-25T12:02:57.2132552Z Collecting packaging>=22 (from pytest==9.1.1->-r requirements-dev.lock (line 1))
ubuntu-latest / py3.13	UNKNOWN STEP	2026-08-25T12:02:57.2203456Z   Downloading packaging-26.3-py3-none-any.whl.metadata (3.5 kB)
ubuntu-latest / py3.13	UNKNOWN STEP	2026-08-25T12:02:57.2365009Z Collecting pluggy<2,>=1.5 (from pytest==9.1.1->-r requirements-dev.lock (line 1))
ubuntu-latest / py3.13	UNKNOWN STEP	2026-08-25T12:02:57.2437297Z   Downloading pluggy-1.6.0-py3-none-any.whl.metadata (4.8 kB)
ubuntu-latest / py3.13	UNKNOWN STEP	2026-08-25T12:02:57.2663148Z Collecting pygments>=2.7.2 (from pytest==9.1.1->-r requirements-dev.lock (line 1))
ubuntu-latest / py3.13	UNKNOWN STEP	2026-08-25T12:02:57.2735090Z   Downloading pygments-2.21.0-py3-none-any.whl.metadata (2.5 kB)
ubuntu-latest / py3.13	UNKNOWN STEP	2026-08-25T12:02:57.2850065Z Downloading pytest-9.1.1-py3-none-any.whl (386 kB)
ubuntu-latest / py3.13	UNKNOWN STEP	2026-08-25T12:02:57.3280267Z Downloading pluggy-1.6.0-py3-none-any.whl (20 kB)
ubuntu-latest / py3.13	UNKNOWN STEP	2026-08-25T12:02:57.3373493Z Downloading iniconfig-2.3.0-py3-none-any.whl (7.5 kB)
ubuntu-latest / py3.13	UNKNOWN STEP	2026-08-25T12:02:57.3464843Z Downloading packaging-26.3-py3-none-any.whl (129 kB)
ubuntu-latest / py3.13	UNKNOWN STEP	2026-08-25T12:02:57.3617163Z Downloading pygments-2.21.0-py3-none-any.whl (1.3 MB)
ubuntu-latest / py3.13	UNKNOWN STEP	2026-08-25T12:02:57.4228920Z    ━━━━━━━━━━━━━━━━━━━━━━━━━━━━━━━━━━━━━━━━ 1.3/1.3 MB 21.6 MB/s  0:00:00
ubuntu-latest / py3.13	UNKNOWN STEP	2026-08-25T12:02:57.5495109Z Installing collected packages: pygments, pluggy, packaging, iniconfig, pytest
ubuntu-latest / py3.13	UNKNOWN STEP	2026-08-25T12:02:58.6243029Z
ubuntu-latest / py3.13	UNKNOWN STEP	2026-08-25T12:02:58.6257478Z Successfully installed iniconfig-2.3.0 packaging-26.3 pluggy-1.6.0 pygments-2.21.0 pytest-9.1.1
ubuntu-latest / py3.13	UNKNOWN STEP	2026-08-25T12:02:58.6775406Z ##[group]Run python -c "import json;from src.core.portability import platform_report;print(json.dumps(platform_report(),indent=2))"
ubuntu-latest / py3.13	UNKNOWN STEP	2026-08-25T12:02:58.6776984Z ^[[36;1mpython -c "import json;from src.core.portability import platform_report;print(json.dumps(platform_report(),indent=2))"^[[0m
ubuntu-latest / py3.13	UNKNOWN STEP	2026-08-25T12:02:58.6816470Z shell: /usr/bin/bash -e {0}
ubuntu-latest / py3.13	UNKNOWN STEP	2026-08-25T12:02:58.6816962Z env:
ubuntu-latest / py3.13	UNKNOWN STEP	2026-08-25T12:02:58.6817267Z   PYTEST_DISABLE_PLUGIN_AUTOLOAD: 1
ubuntu-latest / py3.13	UNKNOWN STEP	2026-08-25T12:02:58.6817722Z   pythonLocation: /opt/hostedtoolcache/Python/3.13.15/x64
ubuntu-latest / py3.13	UNKNOWN STEP	2026-08-25T12:02:58.6818296Z   PKG_CONFIG_PATH: /opt/hostedtoolcache/Python/3.13.15/x64/lib/pkgconfig
ubuntu-latest / py3.13	UNKNOWN STEP	2026-08-25T12:02:58.6818874Z   Python_ROOT_DIR: /opt/hostedtoolcache/Python/3.13.15/x64
ubuntu-latest / py3.13	UNKNOWN STEP	2026-08-25T12:02:58.6819391Z   Python2_ROOT_DIR: /opt/hostedtoolcache/Python/3.13.15/x64
ubuntu-latest / py3.13	UNKNOWN STEP	2026-08-25T12:02:58.6819906Z   Python3_ROOT_DIR: /opt/hostedtoolcache/Python/3.13.15/x64
ubuntu-latest / py3.13	UNKNOWN STEP	2026-08-25T12:02:58.6820444Z   LD_LIBRARY_PATH: /opt/hostedtoolcache/Python/3.13.15/x64/lib
ubuntu-latest / py3.13	UNKNOWN STEP	2026-08-25T12:02:58.6820947Z ##[endgroup]
ubuntu-latest / py3.13	UNKNOWN STEP	2026-08-25T12:02:58.7337008Z {
ubuntu-latest / py3.13	UNKNOWN STEP	2026-08-25T12:02:58.7337870Z   "platform": "linux",
ubuntu-latest / py3.13	UNKNOWN STEP	2026-08-25T12:02:58.7338749Z   "advisory_file_locking": "fcntl.flock",
ubuntu-latest / py3.13	UNKNOWN STEP	2026-08-25T12:02:58.7339392Z   "shared_locks_supported": true,
ubuntu-latest / py3.13	UNKNOWN STEP	2026-08-25T12:02:58.7339982Z   "directory_fsync_supported": true,
ubuntu-latest / py3.13	UNKNOWN STEP	2026-08-25T12:02:58.7340600Z   "owner_only_file_mode_enforced": true,
ubuntu-latest / py3.13	UNKNOWN STEP	2026-08-25T12:02:58.7341232Z   "symlink_refusal": "atomic (O_NOFOLLOW)",
ubuntu-latest / py3.13	UNKNOWN STEP	2026-08-25T12:02:58.7341849Z   "path_length_limit": null,
ubuntu-latest / py3.13	UNKNOWN STEP	2026-08-25T12:02:58.7342463Z   "path_length_limit_bypassed": "not applicable"
ubuntu-latest / py3.13	UNKNOWN STEP	2026-08-25T12:02:58.7343070Z }
ubuntu-latest / py3.13	UNKNOWN STEP	2026-08-25T12:02:58.7440155Z ##[group]Run import os, shutil, sys, tempfile
ubuntu-latest / py3.13	UNKNOWN STEP	2026-08-25T12:02:58.7440726Z ^[[36;1mimport os, shutil, sys, tempfile^[[0m
ubuntu-latest / py3.13	UNKNOWN STEP	2026-08-25T12:02:58.7441137Z ^[[36;1mfrom src.core.portability import extended_path^[[0m
ubuntu-latest / py3.13	UNKNOWN STEP	2026-08-25T12:02:58.7441514Z ^[[36;1m^[[0m
ubuntu-latest / py3.13	UNKNOWN STEP	2026-08-25T12:02:58.7441776Z ^[[36;1mbase = tempfile.mkdtemp()^[[0m
ubuntu-latest / py3.13	UNKNOWN STEP	2026-08-25T12:02:58.7442083Z ^[[36;1mtry:^[[0m
ubuntu-latest / py3.13	UNKNOWN STEP	2026-08-25T12:02:58.7442419Z ^[[36;1m    deep = os.path.join(base, *(("nested" + "d" * 60,) * 4))^[[0m
ubuntu-latest / py3.13	UNKNOWN STEP	2026-08-25T12:02:58.7442906Z ^[[36;1m    extended_path(deep).mkdir(parents=True)^[[0m
ubuntu-latest / py3.13	UNKNOWN STEP	2026-08-25T12:02:58.7443312Z ^[[36;1m    probe = os.path.join(deep, "probe.txt")^[[0m
ubuntu-latest / py3.13	UNKNOWN STEP	2026-08-25T12:02:58.7443703Z ^[[36;1m    assert len(probe) > 260, len(probe)^[[0m
ubuntu-latest / py3.13	UNKNOWN STEP	2026-08-25T12:02:58.7444058Z ^[[36;1m    try:^[[0m
ubuntu-latest / py3.13	UNKNOWN STEP	2026-08-25T12:02:58.7444388Z ^[[36;1m        with open(probe, "w", encoding="utf-8") as handle:^[[0m
ubuntu-latest / py3.13	UNKNOWN STEP	2026-08-25T12:02:58.7444804Z ^[[36;1m            handle.write("plain")^[[0m
ubuntu-latest / py3.13	UNKNOWN STEP	2026-08-25T12:02:58.7445139Z ^[[36;1m        refusal = ""^[[0m
ubuntu-latest / py3.13	UNKNOWN STEP	2026-08-25T12:02:58.7445469Z ^[[36;1m    except OSError as error:^[[0m
ubuntu-latest / py3.13	UNKNOWN STEP	2026-08-25T12:02:58.7445809Z ^[[36;1m        refusal = type(error).__name__^[[0m
ubuntu-latest / py3.13	UNKNOWN STEP	2026-08-25T12:02:58.7446449Z ^[[36;1mfinally:^[[0m
ubuntu-latest / py3.13	UNKNOWN STEP	2026-08-25T12:02:58.7446915Z ^[[36;1m    # TemporaryDirectory cannot clean this up: its rmtree walks the plain path, stops^[[0m
ubuntu-latest / py3.13	UNKNOWN STEP	2026-08-25T12:02:58.7447603Z ^[[36;1m    # seeing the deepest directory at the limit, and then calls its parent non-empty.^[[0m
ubuntu-latest / py3.13	UNKNOWN STEP	2026-08-25T12:02:58.7448138Z ^[[36;1m    shutil.rmtree(extended_path(base))^[[0m
ubuntu-latest / py3.13	UNKNOWN STEP	2026-08-25T12:02:58.7448487Z ^[[36;1m^[[0m
ubuntu-latest / py3.13	UNKNOWN STEP	2026-08-25T12:02:58.7448748Z ^[[36;1mif sys.platform != "win32":^[[0m
ubuntu-latest / py3.13	UNKNOWN STEP	2026-08-25T12:02:58.7449225Z ^[[36;1m    assert not refusal, f"POSIX refused a {len(probe)}-character path: {refusal}"^[[0m
ubuntu-latest / py3.13	UNKNOWN STEP	2026-08-25T12:02:58.7449870Z ^[[36;1m    finding = f"has no MAX_PATH limit to bypass ({len(probe)} characters accepted)"^[[0m
ubuntu-latest / py3.13	UNKNOWN STEP	2026-08-25T12:02:58.7450354Z ^[[36;1melif refusal:^[[0m
ubuntu-latest / py3.13	UNKNOWN STEP	2026-08-25T12:02:58.7450799Z ^[[36;1m    finding = f"refuses an unprefixed {len(probe)}-character path with {refusal}"^[[0m
ubuntu-latest / py3.13	UNKNOWN STEP	2026-08-25T12:02:58.7451270Z ^[[36;1melse:^[[0m
ubuntu-latest / py3.13	UNKNOWN STEP	2026-08-25T12:02:58.7451517Z ^[[36;1m    finding = (^[[0m
ubuntu-latest / py3.13	UNKNOWN STEP	2026-08-25T12:02:58.7451952Z ^[[36;1m        f"accepts an unprefixed {len(probe)}-character path, so the long-path tests"^[[0m
ubuntu-latest / py3.13	UNKNOWN STEP	2026-08-25T12:02:58.7452477Z ^[[36;1m        " carry no evidence on this runner"^[[0m
ubuntu-latest / py3.13	UNKNOWN STEP	2026-08-25T12:02:58.7452817Z ^[[36;1m    )^[[0m
ubuntu-latest / py3.13	UNKNOWN STEP	2026-08-25T12:02:58.7453161Z ^[[36;1m    print("::warning::LongPathsEnabled is on for this runner")^[[0m
ubuntu-latest / py3.13	UNKNOWN STEP	2026-08-25T12:02:58.7453825Z ^[[36;1mprint(f"{os.environ['RUNNER_OS']} {finding}")^[[0m
ubuntu-latest / py3.13	UNKNOWN STEP	2026-08-25T12:02:58.7454341Z ^[[36;1mwith open(os.environ["GITHUB_STEP_SUMMARY"], "a", encoding="utf-8") as handle:^[[0m
ubuntu-latest / py3.13	UNKNOWN STEP	2026-08-25T12:02:58.7454914Z ^[[36;1m    handle.write(f"- `{os.environ['RUNNER_OS']}` {finding}\n")^[[0m
ubuntu-latest / py3.13	UNKNOWN STEP	2026-08-25T12:02:58.7459130Z shell: /opt/hostedtoolcache/Python/3.13.15/x64/bin/python {0}
ubuntu-latest / py3.13	UNKNOWN STEP	2026-08-25T12:02:58.7459551Z env:
ubuntu-latest / py3.13	UNKNOWN STEP	2026-08-25T12:02:58.7459814Z   PYTEST_DISABLE_PLUGIN_AUTOLOAD: 1
ubuntu-latest / py3.13	UNKNOWN STEP	2026-08-25T12:02:58.7460211Z   pythonLocation: /opt/hostedtoolcache/Python/3.13.15/x64
ubuntu-latest / py3.13	UNKNOWN STEP	2026-08-25T12:02:58.7460708Z   PKG_CONFIG_PATH: /opt/hostedtoolcache/Python/3.13.15/x64/lib/pkgconfig
ubuntu-latest / py3.13	UNKNOWN STEP	2026-08-25T12:02:58.7461190Z   Python_ROOT_DIR: /opt/hostedtoolcache/Python/3.13.15/x64
ubuntu-latest / py3.13	UNKNOWN STEP	2026-08-25T12:02:58.7461622Z   Python2_ROOT_DIR: /opt/hostedtoolcache/Python/3.13.15/x64
ubuntu-latest / py3.13	UNKNOWN STEP	2026-08-25T12:02:58.7462073Z   Python3_ROOT_DIR: /opt/hostedtoolcache/Python/3.13.15/x64
ubuntu-latest / py3.13	UNKNOWN STEP	2026-08-25T12:02:58.7462540Z   LD_LIBRARY_PATH: /opt/hostedtoolcache/Python/3.13.15/x64/lib
ubuntu-latest / py3.13	UNKNOWN STEP	2026-08-25T12:02:58.7462924Z   PYTHONPATH: .
ubuntu-latest / py3.13	UNKNOWN STEP	2026-08-25T12:02:58.7463170Z ##[endgroup]
ubuntu-latest / py3.13	UNKNOWN STEP	2026-08-25T12:02:58.7946711Z Linux has no MAX_PATH limit to bypass (294 characters accepted)
ubuntu-latest / py3.13	UNKNOWN STEP	2026-08-25T12:02:58.8060902Z ##[group]Run python -m pytest -q
ubuntu-latest / py3.13	UNKNOWN STEP	2026-08-25T12:02:58.8061301Z ^[[36;1mpython -m pytest -q^[[0m
ubuntu-latest / py3.13	UNKNOWN STEP	2026-08-25T12:02:58.8100469Z shell: /usr/bin/bash -e {0}
ubuntu-latest / py3.13	UNKNOWN STEP	2026-08-25T12:02:58.8100808Z env:
ubuntu-latest / py3.13	UNKNOWN STEP	2026-08-25T12:02:58.8101086Z   PYTEST_DISABLE_PLUGIN_AUTOLOAD: 1
ubuntu-latest / py3.13	UNKNOWN STEP	2026-08-25T12:02:58.8101505Z   pythonLocation: /opt/hostedtoolcache/Python/3.13.15/x64
ubuntu-latest / py3.13	UNKNOWN STEP	2026-08-25T12:02:58.8102041Z   PKG_CONFIG_PATH: /opt/hostedtoolcache/Python/3.13.15/x64/lib/pkgconfig
ubuntu-latest / py3.13	UNKNOWN STEP	2026-08-25T12:02:58.8102577Z   Python_ROOT_DIR: /opt/hostedtoolcache/Python/3.13.15/x64
ubuntu-latest / py3.13	UNKNOWN STEP	2026-08-25T12:02:58.8103075Z   Python2_ROOT_DIR: /opt/hostedtoolcache/Python/3.13.15/x64
ubuntu-latest / py3.13	UNKNOWN STEP	2026-08-25T12:02:58.8103555Z   Python3_ROOT_DIR: /opt/hostedtoolcache/Python/3.13.15/x64
ubuntu-latest / py3.13	UNKNOWN STEP	2026-08-25T12:02:58.8104036Z   LD_LIBRARY_PATH: /opt/hostedtoolcache/Python/3.13.15/x64/lib
ubuntu-latest / py3.13	UNKNOWN STEP	2026-08-25T12:02:58.8104460Z ##[endgroup]
ubuntu-latest / py3.13	UNKNOWN STEP	2026-08-25T12:03:04.4243327Z ........................................................................ [ 19%]
ubuntu-latest / py3.13	UNKNOWN STEP	2026-08-25T12:03:04.6935104Z ........................................................................ [ 39%]
ubuntu-latest / py3.13	UNKNOWN STEP	2026-08-25T12:03:05.3644674Z ........................................................................ [ 59%]
ubuntu-latest / py3.13	UNKNOWN STEP	2026-08-25T12:03:06.3617703Z .................................................F........s............. [ 79%]
ubuntu-latest / py3.13	UNKNOWN STEP	2026-08-25T12:03:06.6144835Z ........................................................................ [ 99%]
ubuntu-latest / py3.13	UNKNOWN STEP	2026-08-25T12:03:06.6568473Z .                                                                        [100%]
ubuntu-latest / py3.13	UNKNOWN STEP	2026-08-25T12:03:06.6569653Z =================================== FAILURES ===================================
ubuntu-latest / py3.13	UNKNOWN STEP	2026-08-25T12:03:06.6570389Z _____________________ test_fsync_directory_rejects_a_file ______________________
ubuntu-latest / py3.13	UNKNOWN STEP	2026-08-25T12:03:06.6570882Z
ubuntu-latest / py3.13	UNKNOWN STEP	2026-08-25T12:03:06.6571308Z tmp_path = PosixPath('/tmp/pytest-of-runner/pytest-0/test_fsync_directory_rejects_a0')
ubuntu-latest / py3.13	UNKNOWN STEP	2026-08-25T12:03:06.6571922Z
ubuntu-latest / py3.13	UNKNOWN STEP	2026-08-25T12:03:06.6572160Z     def test_fsync_directory_rejects_a_file(tmp_path):
ubuntu-latest / py3.13	UNKNOWN STEP	2026-08-25T12:03:06.6572791Z         target = tmp_path / "not-a-directory"
ubuntu-latest / py3.13	UNKNOWN STEP	2026-08-25T12:03:06.6573349Z         target.write_text("x", encoding="utf-8")
ubuntu-latest / py3.13	UNKNOWN STEP	2026-08-25T12:03:06.6573851Z >       with pytest.raises(OSError):
ubuntu-latest / py3.13	UNKNOWN STEP	2026-08-25T12:03:06.6574276Z              ^^^^^^^^^^^^^^^^^^^^^^
ubuntu-latest / py3.13	UNKNOWN STEP	2026-08-25T12:03:06.6574694Z E       Failed: DID NOT RAISE OSError
ubuntu-latest / py3.13	UNKNOWN STEP	2026-08-25T12:03:06.6574990Z
ubuntu-latest / py3.13	UNKNOWN STEP	2026-08-25T12:03:06.6575167Z tests/test_portability.py:94: Failed
ubuntu-latest / py3.13	UNKNOWN STEP	2026-08-25T12:03:06.6575696Z =========================== short test summary info ============================
ubuntu-latest / py3.13	UNKNOWN STEP	2026-08-25T12:03:06.6577511Z FAILED tests/test_portability.py::test_fsync_directory_rejects_a_file - Failed: DID NOT RAISE OSError
ubuntu-latest / py3.13	UNKNOWN STEP	2026-08-25T12:03:06.6578918Z 1 failed, 359 passed, 1 skipped in 7.28s
ubuntu-latest / py3.13	UNKNOWN STEP	2026-08-25T12:03:06.6910900Z ##[error]Process completed with exit code 1.
ubuntu-latest / py3.13	UNKNOWN STEP	2026-08-25T12:03:06.7063213Z Node 20 is being deprecated. This workflow is running with Node 24 by default. If you need to temporarily use Node 20, you can set the ACTIONS_ALLOW_USE_UNSECURE_NODE_VERSION=true environment variable. For more information see: https://github.blog/changelog/2025-09-19-deprecation-of-node-20-on-github-actions-runners/
ubuntu-latest / py3.13	UNKNOWN STEP	2026-08-25T12:03:06.7064478Z Post job cleanup.
ubuntu-latest / py3.13	UNKNOWN STEP	2026-08-25T12:03:06.7926995Z [command]/usr/bin/git version
ubuntu-latest / py3.13	UNKNOWN STEP	2026-08-25T12:03:06.7974498Z git version 2.55.0
ubuntu-latest / py3.13	UNKNOWN STEP	2026-08-25T12:03:06.8022373Z Temporarily overriding HOME='/home/runner/work/_temp/9fb979c1-3577-4c63-82ac-0d31497d16ea' before making global git config changes
ubuntu-latest / py3.13	UNKNOWN STEP	2026-08-25T12:03:06.8023680Z Adding repository directory to the temporary git global config as a safe directory
ubuntu-latest / py3.13	UNKNOWN STEP	2026-08-25T12:03:06.8027602Z [command]/usr/bin/git config --global --add safe.directory /home/runner/work/VeriMat/VeriMat
ubuntu-latest / py3.13	UNKNOWN STEP	2026-08-25T12:03:06.8068518Z [command]/usr/bin/git config --local --name-only --get-regexp core\.sshCommand
ubuntu-latest / py3.13	UNKNOWN STEP	2026-08-25T12:03:06.8105521Z [command]/usr/bin/git submodule foreach --recursive sh -c "git config --local --name-only --get-regexp 'core\.sshCommand' && git config --local --unset-all 'core.sshCommand' || :"
ubuntu-latest / py3.13	UNKNOWN STEP	2026-08-25T12:03:06.8362455Z [command]/usr/bin/git config --local --name-only --get-regexp http\.https\:\/\/github\.com\/\.extraheader
ubuntu-latest / py3.13	UNKNOWN STEP	2026-08-25T12:03:06.8391628Z http.https://github.com/.extraheader
ubuntu-latest / py3.13	UNKNOWN STEP	2026-08-25T12:03:06.8403288Z [command]/usr/bin/git config --local --unset-all http.https://github.com/.extraheader
ubuntu-latest / py3.13	UNKNOWN STEP	2026-08-25T12:03:06.8439857Z [command]/usr/bin/git submodule foreach --recursive sh -c "git config --local --name-only --get-regexp 'http\.https\:\/\/github\.com\/\.extraheader' && git config --local --unset-all 'http.https://github.com/.extraheader' || :"
ubuntu-latest / py3.13	UNKNOWN STEP	2026-08-25T12:03:06.8728332Z [command]/usr/bin/git config --local --name-only --get-regexp ^includeIf\.gitdir:
ubuntu-latest / py3.13	UNKNOWN STEP	2026-08-25T12:03:06.8767189Z [command]/usr/bin/git submodule foreach --recursive git config --local --show-origin --name-only --get-regexp remote.origin.url
ubuntu-latest / py3.13	UNKNOWN STEP	2026-08-25T12:03:06.9165851Z Cleaning up orphan processes
ubuntu-latest / py3.13	UNKNOWN STEP	2026-08-25T12:03:06.9482282Z ##[warning]Node.js 20 is deprecated. The following actions target Node.js 20 but are being forced to run on Node.js 24: actions/checkout@v4, actions/setup-python@v5. For more information see: https://github.blog/changelog/2025-09-19-deprecation-of-node-20-on-github-actions-runners/
